// Jest Snapshot v1, https://goo.gl/fbAQLP

exports[`<StepIntro /> should render 1`] = `
<div>
  <p>
    En cas de démission, il n’est pas possible de quitter instantanément l’entreprise après avoir informé l’employeur de ses intentions. Le salarié démissionnaire doit rester dans l’entreprise durant une certaine période, qu’on appelle un préavis ou encore parfois un délai congé.
  </p>
  <p>
    Les règles encadrant le préavis (droit et obligations, durées, cas de dispenses, possibilité de chercher un emploi durant le préavis) sont notamment définies par la code du travail et la branche.
  </p>
  <p>
    Le présent outil vous permet de connaitre les droits inhérents à votre situation au regard de votre convention collective en matière de préavis de démission. Prévoyez une à deux minutes pour compléter la simulation.
  </p>
</div>
`;
