// Jest Snapshot v1, https://goo.gl/fbAQLP

exports[`<FeedbackForm /> should render 1`] = `
<div>
  <form
    action="https://formspree.io/xbalrgzm"
    class="feedback__form"
  >
    <input
      class="feedback__input"
      disabled=""
      name="question"
      type="text"
      value="Initial query"
    />
    <input
      name="url"
      type="hidden"
      value="http://localhost/"
    />
    <h2
      class="section__subtitle"
    >
      Les réponses qui pourraient vous aider
    </h2>
    <ul
      style="width: 100%;"
    >
      <li>
        <a
          href="/undefined/result-slug?q=Initial%20query&search=0"
        >
          item title
        </a>
      </li>
    </ul>
    <h2
      class="section__subtitle"
    >
      Laissez-nous un commentaire sur notre service
       
      <span
        class="fontweight--normal fontweight--italic"
      >
         
        - facultatif
      </span>
    </h2>
    <select
      class="feedback__input"
      name="motif"
    >
      <option
        value="Les informations proposées ne sont pas à jour"
      >
        Les informations proposées ne sont pas à jour
      </option>
      <option
        value="Les informations me paraissent erronées"
      >
        Les informations me paraissent erronées
      </option>
      <option
        value="Les informations me paraissent incomplètes"
      >
        Les informations me paraissent incomplètes
      </option>
      <option
        value="Les informations me paraissent hors-sujet"
      >
        Les informations me paraissent hors-sujet
      </option>
      <option
        value="Je n'ai pas trouvé la réponse à ma question"
      >
        Je n'ai pas trouvé la réponse à ma question
      </option>
    </select>
    <textarea
      class="feedback__input"
      name="message"
      placeholder="Les informations ..."
    />
    <input
      class="feedback__input"
      name="email"
      placeholder="nom@adresse.email"
      type="email"
      value=""
    />
    <div
      class="feedback__action"
    >
      <button
        class="feedback__button btn btn__primary"
      >
        Envoyer ma question
      </button>
      <div
        class="feedback__status"
      >
         
         
      </div>
    </div>
  </form>
</div>
`;
