// Jest Snapshot v1, https://goo.gl/fbAQLP

exports[`<Themes /> should render 1`] = `
.c1 {
  max-width: 1200px;
  margin: 0 auto;
  padding: 0 1.25rem;
}

.c1 > *:first-child {
  margin-top: 0;
}

.c1 > *:last-child {
  margin-bottom: 0;
}

.c0 {
  padding: 1.25rem 0;
}

.c6 {
  padding: 0.625rem 1rem;
  border: 1px solid #c9d3df;
  border-radius: 0.25rem;
  background: #fff;
  -webkit-text-decoration: none;
  text-decoration: none;
  height: 100%;
  display: -webkit-box;
  display: -webkit-flex;
  display: -ms-flexbox;
  display: flex;
  -webkit-flex-direction: row;
  -ms-flex-direction: row;
  flex-direction: row;
  -webkit-box-pack: start;
  -webkit-justify-content: flex-start;
  -ms-flex-pack: start;
  justify-content: flex-start;
  text-align: left;
  -webkit-align-items: center;
  -webkit-box-align: center;
  -ms-flex-align: center;
  align-items: center;
}

.c8 {
  color: #0053b3;
  font-size: 1.125rem;
}

.c7 {
  width: 2rem;
  display: inline-block;
  margin: 0.2rem 0.625rem 0.2rem 0;
}

.c3 {
  display: -webkit-box;
  display: -webkit-flex;
  display: -ms-flexbox;
  display: flex;
  -webkit-flex-wrap: wrap;
  -ms-flex-wrap: wrap;
  flex-wrap: wrap;
  -webkit-box-pack: start;
  -webkit-justify-content: flex-start;
  -ms-flex-pack: start;
  justify-content: flex-start;
  -webkit-align-content: flex-start;
  -ms-flex-line-pack: start;
  align-content: flex-start;
  list-style-type: none;
  padding: 0;
  margin: NaN;
}

.c4 {
  -webkit-flex-shrink: 1;
  -ms-flex-negative: 1;
  flex-shrink: 1;
  -webkit-box-flex: 0;
  -webkit-flex-grow: 0;
  -ms-flex-positive: 0;
  flex-grow: 0;
  -webkit-flex-basis: calc(100% / 4 - 2 * 0.625rem);
  -ms-flex-preferred-size: calc(100% / 4 - 2 * 0.625rem);
  flex-basis: calc(100% / 4 - 2 * 0.625rem);
  margin: 0.625rem;
  text-align: center;
}

.c2 {
  text-align: center;
  margin-bottom: 2rem;
}

.c5 {
  -webkit-text-decoration: none;
  text-decoration: none;
  display: block;
  height: 100%;
  border-radius: 0.25rem;
}

.c5 > * {
  -webkit-transition: all 0.2s ease;
  transition: all 0.2s ease;
}

.c5:focus > *,
.c5:active > *,
.c5:hover > * {
  -webkit-transform: scale(1.1);
  -ms-transform: scale(1.1);
  transform: scale(1.1);
  border: 1px solid #80bdff;
  box-shadow: 0 0 2px 2px #bfdeff;
}

@media print {
  .c1 {
    max-width: 100%;
    padding: 0;
  }
}

@media (max-width:980px) {
  .c4 {
    -webkit-flex-basis: calc(100% / 3 - 2 * 0.625rem);
    -ms-flex-preferred-size: calc(100% / 3 - 2 * 0.625rem);
    flex-basis: calc(100% / 3 - 2 * 0.625rem);
  }
}

@media (max-width:600px) {
  .c4 {
    -webkit-flex-basis: calc(100% - 2 * 0.625rem);
    -ms-flex-preferred-size: calc(100% - 2 * 0.625rem);
    flex-basis: calc(100% - 2 * 0.625rem);
  }
}

<div>
  <div
    class="c0"
  >
    <div
      class="c1"
    >
      <h2
        class="c2"
      >
        Retrouvez nos réponses thématiques
      </h2>
      <ul
        class="c3"
      >
        <li
          class="c4"
        >
          <a
            class="c5"
            href="/themes/1-recrutement-et-contrat-de-travail"
            title="Recrutement et contrat de travail"
          >
            <div
              class="c6"
            >
              <img
                alt=""
                class="c7"
                src="/static/assets/icons/hiring-1.svg"
              />
              <h3
                class="c8"
              >
                Recrutement et contrat de travail
              </h3>
            </div>
          </a>
        </li>
        <li
          class="c4"
        >
          <a
            class="c5"
            href="/themes/2-salaire-et-remuneration"
            title="Salaire et Rémunération"
          >
            <div
              class="c6"
            >
              <img
                alt=""
                class="c7"
                src="/static/assets/icons/remuneration.svg"
              />
              <h3
                class="c8"
              >
                Salaire et Rémunération
              </h3>
            </div>
          </a>
        </li>
        <li
          class="c4"
        >
          <a
            class="c5"
            href="/themes/3-temps-de-travail-et-conges"
            title="Temps de travail et congés"
          >
            <div
              class="c6"
            >
              <img
                alt=""
                class="c7"
                src="/static/assets/icons/time.svg"
              />
              <h3
                class="c8"
              >
                Temps de travail et congés
              </h3>
            </div>
          </a>
        </li>
        <li
          class="c4"
        >
          <a
            class="c5"
            href="/themes/4-emploi-et-formation"
            title="Emploi et formation"
          >
            <div
              class="c6"
            >
              <img
                alt=""
                class="c7"
                src="/static/assets/icons/certificate.svg"
              />
              <h3
                class="c8"
              >
                Emploi et formation
              </h3>
            </div>
          </a>
        </li>
        <li
          class="c4"
        >
          <a
            class="c5"
            href="/themes/5-sante,-securite-et-conditions-de-travail"
            title="Santé, sécurité et conditions de travail"
          >
            <div
              class="c6"
            >
              <img
                alt=""
                class="c7"
                src="/static/assets/icons/shield.svg"
              />
              <h3
                class="c8"
              >
                Santé, sécurité et conditions de travail
              </h3>
            </div>
          </a>
        </li>
        <li
          class="c4"
        >
          <a
            class="c5"
            href="/themes/6-representation-du-personnel-et-negociation-collective"
            title="Représentation du personnel et négociation collective"
          >
            <div
              class="c6"
            >
              <img
                alt=""
                class="c7"
                src="/static/assets/icons/handshake.svg"
              />
              <h3
                class="c8"
              >
                Représentation du personnel et négociation collective
              </h3>
            </div>
          </a>
        </li>
        <li
          class="c4"
        >
          <a
            class="c5"
            href="/themes/7-depart-de-lentreprise"
            title="Départ de l'entreprise"
          >
            <div
              class="c6"
            >
              <img
                alt=""
                class="c7"
                src="/static/assets/icons/file-3.svg"
              />
              <h3
                class="c8"
              >
                Départ de l'entreprise
              </h3>
            </div>
          </a>
        </li>
        <li
          class="c4"
        >
          <a
            class="c5"
            href="/themes/8-conflits-au-travail-et-controle-de-la-reglementation"
            title="Conflits au travail et contrôle de la réglementation"
          >
            <div
              class="c6"
            >
              <img
                alt=""
                class="c7"
                src="/static/assets/icons/book_web.svg"
              />
              <h3
                class="c8"
              >
                Conflits au travail et contrôle de la réglementation
              </h3>
            </div>
          </a>
        </li>
      </ul>
    </div>
  </div>
</div>
`;
