// Jest Snapshot v1, https://goo.gl/fbAQLP

exports[`<Inaptitude /> should render 1`] = `
<div>
  <section
    class="section-light"
  >
    <div
      class="container"
    >
      <div
        class="wrapper-light"
      >
        <h2>
          Êtes-vous licencié pour inaptitude suite à accident du travail ou maladie professionnelle reconnue ?
        </h2>
        <div
          class="sc-ifAKCX dmUlWY"
        >
          <label
            class="sc-bxivhb dTOYdh"
          >
            <input
              name="inaptitude"
              type="radio"
            />
            <span>
              Oui
            </span>
          </label>
          <label
            class="sc-bxivhb dTOYdh"
          >
            <input
              checked=""
              name="inaptitude"
              type="radio"
            />
            <span>
              Non
            </span>
          </label>
        </div>
      </div>
    </div>
  </section>
  <div
    class="container"
  >
    <div
      style="display: flex; flex-direction: row; margin-top: 20px; font-size: 1rem;"
    >
      <div />
    </div>
  </div>
</div>
`;
