// Jest Snapshot v1, https://goo.gl/fbAQLP

exports[`<StepItems /> should render 1`] = `
.c0 {
  border-bottom: 1px solid #adb9c9;
  padding: 1.25rem 0;
  display: -webkit-box;
  display: -webkit-flex;
  display: -ms-flexbox;
  display: flex;
  -webkit-flex-wrap: wrap;
  -ms-flex-wrap: wrap;
  flex-wrap: wrap;
}

.c1 {
  text-align: left;
  -webkit-flex-basis: 130px;
  -ms-flex-preferred-size: 130px;
  flex-basis: 130px;
  display: -webkit-box;
  display: -webkit-flex;
  display: -ms-flexbox;
  display: flex;
  -webkit-align-items: center;
  -webkit-box-align: center;
  -ms-flex-align: center;
  align-items: center;
  padding-left: 0;
  -webkit-text-decoration: none;
  text-decoration: none;
  font-size: 0.9rem;
  font-weight: 600;
  line-height: 1;
  color: #adb9c9;
}

.c3 {
  text-align: left;
  -webkit-flex-basis: 130px;
  -ms-flex-preferred-size: 130px;
  flex-basis: 130px;
  display: -webkit-box;
  display: -webkit-flex;
  display: -ms-flexbox;
  display: flex;
  -webkit-align-items: center;
  -webkit-box-align: center;
  -ms-flex-align: center;
  align-items: center;
  padding-left: 1.25rem;
  -webkit-text-decoration: none;
  text-decoration: none;
  font-size: 0.9rem;
  font-weight: 600;
  line-height: 1;
  color: #0053b3;
}

.c5 {
  text-align: left;
  -webkit-flex-basis: 130px;
  -ms-flex-preferred-size: 130px;
  flex-basis: 130px;
  display: -webkit-box;
  display: -webkit-flex;
  display: -ms-flexbox;
  display: flex;
  -webkit-align-items: center;
  -webkit-box-align: center;
  -ms-flex-align: center;
  align-items: center;
  padding-left: 1.25rem;
  -webkit-text-decoration: none;
  text-decoration: none;
  font-size: 0.9rem;
  font-weight: 600;
  line-height: 1;
  color: #adb9c9;
}

.c2 {
  border-radius: 49%;
  -webkit-flex-shrink: 0;
  -ms-flex-negative: 0;
  flex-shrink: 0;
  display: -webkit-inline-box;
  display: -webkit-inline-flex;
  display: -ms-inline-flexbox;
  display: inline-flex;
  -webkit-align-items: center;
  -webkit-box-align: center;
  -ms-flex-align: center;
  align-items: center;
  -webkit-box-pack: center;
  -webkit-justify-content: center;
  -ms-flex-pack: center;
  justify-content: center;
  height: 1.6rem;
  width: 1.6rem;
  margin: 0.5rem 0.625rem;
  margin-left: 0;
  color: #fff;
  background-color: #adb9c9;
}

.c4 {
  border-radius: 49%;
  -webkit-flex-shrink: 0;
  -ms-flex-negative: 0;
  flex-shrink: 0;
  display: -webkit-inline-box;
  display: -webkit-inline-flex;
  display: -ms-inline-flexbox;
  display: inline-flex;
  -webkit-align-items: center;
  -webkit-box-align: center;
  -ms-flex-align: center;
  align-items: center;
  -webkit-box-pack: center;
  -webkit-justify-content: center;
  -ms-flex-pack: center;
  justify-content: center;
  height: 1.6rem;
  width: 1.6rem;
  margin: 0.5rem 0.625rem;
  margin-left: 0;
  color: #fff;
  background-color: #0053b3;
}

<div>
  <div
    class="c0"
  >
    <span
      class="c1"
    >
      <span
        class="c2"
      >
        1
      </span>
      Step One
    </span>
    <span
      class="c3"
    >
      <span
        class="c4"
      >
        2
      </span>
      Step Two
    </span>
    <span
      class="c5"
    >
      <span
        class="c2"
      >
        3
      </span>
      Step Three
    </span>
  </div>
</div>
`;
