// Jest Snapshot v1, https://goo.gl/fbAQLP

exports[`<WorkPeriodForm /> should render single work period 1`] = `
.c0 {
  display: -webkit-box;
  display: -webkit-flex;
  display: -ms-flexbox;
  display: flex;
  -webkit-box-pack: justify;
  -webkit-justify-content: space-between;
  -ms-flex-pack: justify;
  justify-content: space-between;
  margin-top: 2em;
}

.c3 {
  width: 14rem;
}

.c4 {
  width: 8.5rem;
}

.c5 {
  width: 8.5rem;
}

.c1 {
  position: relative;
}

.c2 {
  display: block;
  position: absolute;
  top: -1.5rem;
}

<div>
  <form>
    <div
      class="c0"
    >
      <label
        class="c1"
      >
        <span
          class="c2"
        >
          type
        </span>
        <select
          class="c3"
          name="type"
        >
          <option
            value="temps-partiel"
          >
            Temps partiel
          </option>
          <option
            value="temps-plein"
          >
            Temps plein
          </option>
        </select>
      </label>
      <label
        class="c1"
      >
        <span
          class="c2"
        >
          durée (en mois)
        </span>
        <input
          class="c4"
          min="0"
          name="duree"
          placeholder="8 mois"
          type="number"
          value="10"
        />
      </label>
      <label
        class="c1"
      >
        <span
          class="c2"
        >
          salaire mensuel
        </span>
        <input
          class="c5"
          min="0"
          name="salaire"
          placeholder="€"
          type="number"
          value="1000"
        />
      </label>
      <button
        class="btn"
        disabled=""
      >
        Ajouter la période
      </button>
    </div>
  </form>
</div>
`;
