// Jest Snapshot v1, https://goo.gl/fbAQLP

exports[`<ModelesDeCourriers /> should render 1`] = `
.c56 {
  margin: 0;
  padding: 0;
  list-style-type: none;
}

.c1 {
  max-width: 1200px;
  margin: 0 auto;
  padding: 0 1.25rem;
}

.c1 > *:first-child {
  margin-top: 0;
}

.c1 > *:last-child {
  margin-bottom: 0;
}

.c24 {
  max-width: 1200px;
  margin: 0 auto;
  padding: 0 1.25rem;
  padding: 0;
  max-width: 46.25rem;
}

.c24 > *:first-child {
  margin-top: 0;
}

.c24 > *:last-child {
  margin-bottom: 0;
}

.c34 {
  max-width: 1200px;
  margin: 0 auto;
  padding: 0 1.25rem;
  max-width: 46.25rem;
}

.c34 > *:first-child {
  margin-top: 0;
}

.c34 > *:last-child {
  margin-bottom: 0;
}

.c7 {
  padding: 1.25rem 0;
  background-color: #fff;
}

.c21 {
  padding: 1.25rem 0;
}

.c22 {
  padding: 0.625rem 1.25rem;
  color: #434956;
  border-width: 1px;
  border-style: solid;
  border-radius: 0.25rem;
  border-color: #c9d3df;
  background-color: #fff;
}

.c22 > *:first-child {
  margin-top: 0;
}

.c22 > *:last-child {
  margin-bottom: 0;
}

.c35 {
  padding: 0.625rem 1.25rem;
  color: #434956;
  border-width: 1px;
  border-style: solid;
  border-radius: 0.25rem;
  border-color: #c9d3df;
  background-color: #ebeff3;
}

.c35 > *:first-child {
  margin-top: 0;
}

.c35 > *:last-child {
  margin-bottom: 0;
}

.c51 {
  padding: 0.625rem 1rem;
  -webkit-appearance: none;
  -moz-appearance: none;
  appearance: none;
  text-align: center;
  line-height: inherit;
  font-size: 1rem;
  font-weight: 600;
  vertical-align: middle;
  border-style: solid;
  border-width: 1px 1px 2px 1px;
  border-radius: 0.25rem;
  cursor: pointer;
  -webkit-transition: background-color 250ms ease;
  transition: background-color 250ms ease;
  color: #fff;
  background: #005994;
  border-color: #005994;
  border-bottom-color: #003a61;
}

.c51:not([disabled]):hover,
.c51:not([disabled]):focus {
  background: #0068ae;
  color: #fff;
}

.c51:not([disabled]):active {
  color: #fff;
  background: #0078c7;
  border-width: 2px 1px 1px 1px;
  border-color: #005994;
  outline: none;
}

.c51[aria-pressed="true"] {
  color: #fff;
  background: #0068ae;
  border-width: 2px 1px 1px 1px;
  border-color: #005994;
  border-top-color: #003a61;
  box-shadow: inset 0 1px 2px 0 #003a61;
}

.c51[aria-pressed="true"]:not([disabled]):hover,
.c51[aria-pressed="true"]:not([disabled]):focus {
  background-color: #005994;
}

.c51[aria-pressed="true"]:not([disabled]):active {
  border-top-color: #003a61;
}

.c51[disabled] {
  cursor: not-allowed;
  color: rgba(255,255,255,0.4);
}

.c47 {
  padding: 0.625rem 1rem;
  -webkit-appearance: none;
  -moz-appearance: none;
  appearance: none;
  text-align: center;
  line-height: inherit;
  font-size: 1rem;
  font-weight: 600;
  vertical-align: middle;
  border-style: solid;
  border-width: 1px 1px 2px 1px;
  border-radius: 0.25rem;
  cursor: pointer;
  -webkit-transition: background-color 250ms ease;
  transition: background-color 250ms ease;
  padding: 1rem;
  color: #434956;
  line-height: 0;
  border: none;
}

.c47:hover {
  color: #8c94a6;
}

.c47:active {
  position: relative;
  top: 1px;
}

.c29 {
  display: -webkit-box;
  display: -webkit-flex;
  display: -ms-flexbox;
  display: flex;
  -webkit-align-items: center;
  -webkit-box-align: center;
  -ms-flex-align: center;
  align-items: center;
  padding: 1.25rem;
  -webkit-text-decoration: none;
  text-decoration: none;
  background-color: #f5f7fa;
  border: 1px #c9d3df solid;
  border-radius: 0.25rem;
  margin-bottom: 1.25rem;
  -webkit-transition: 200ms color,200ms box-shadow;
  transition: 200ms color,200ms box-shadow;
}

.c29:visited {
  color: #434956;
  -webkit-text-decoration: none;
  text-decoration: none;
}

.c29:active,
.c29:hover {
  color: #003b80;
  box-shadow: 0 5px 10px 0 #c9d3df;
}

.c30 {
  -webkit-flex: 0 0 3rem;
  -ms-flex: 0 0 3rem;
  flex: 0 0 3rem;
  margin-right: 1rem;
  color: #4c5467;
}

.c14:not(:focus):not(:active) {
  position: absolute;
  width: 1px;
  height: 1px;
  margin: -1px;
  padding: 0;
  overflow: hidden;
  -webkit-clip: rect(0,0,0,0);
  clip: rect(0,0,0,0);
  border: 0;
}

.c42 {
  box-sizing: border-box;
  display: -webkit-inline-box;
  display: -webkit-inline-flex;
  display: -ms-inline-flexbox;
  display: inline-flex;
  -webkit-box-pack: justify;
  -webkit-justify-content: space-between;
  -ms-flex-pack: justify;
  justify-content: space-between;
  min-height: 48px;
  width: 100%;
  background-color: white;
  border-style: solid;
  border-width: 1px;
  border-radius: 0.25rem;
  -webkit-animation: iowhYu 0.3s ease-out;
  animation: iowhYu 0.3s ease-out;
  border-color: #fee5ad;
  box-shadow: 0 5px 10px 0 #c9d3df;
}

.c43 {
  display: -webkit-box;
  display: -webkit-flex;
  display: -ms-flexbox;
  display: flex;
  -webkit-box-flex: 0;
  -webkit-flex-grow: 0;
  -ms-flex-positive: 0;
  flex-grow: 0;
  -webkit-align-items: flex-start;
  -webkit-box-align: flex-start;
  -ms-flex-align: flex-start;
  align-items: flex-start;
  -webkit-box-pack: center;
  -webkit-justify-content: center;
  -ms-flex-pack: center;
  justify-content: center;
  padding: 1rem;
  background-color: #fee5ad;
}

.c44 {
  -webkit-box-flex: 1;
  -webkit-flex-grow: 1;
  -ms-flex-positive: 1;
  flex-grow: 1;
  -webkit-align-self: center;
  -ms-flex-item-align: center;
  align-self: center;
  padding: 1rem;
  color: #434956;
  text-align: left;
}

.c46 {
  display: -webkit-box;
  display: -webkit-flex;
  display: -ms-flexbox;
  display: flex;
  -webkit-box-flex: 0;
  -webkit-flex-grow: 0;
  -ms-flex-positive: 0;
  flex-grow: 0;
  -webkit-align-items: flex-start;
  -webkit-box-align: flex-start;
  -ms-flex-align: flex-start;
  align-items: flex-start;
  -webkit-box-pack: center;
  -webkit-justify-content: center;
  -ms-flex-pack: center;
  justify-content: center;
}

.c31 {
  color: #434956;
  font-weight: bold;
}

.c32 {
  font-size: var(--font-size-xsmall);
}

.c23 {
  position: relative;
  margin-bottom: 1.25rem;
}

.c25 {
  position: absolute;
  top: 0.625rem;
  left: calc(-80px - 1.25rem);
  width: 80px;
  color: #4c5467;
}

.c26 {
  display: -webkit-box;
  display: -webkit-flex;
  display: -ms-flexbox;
  display: flex;
  -webkit-align-items: flex-end;
  -webkit-box-align: flex-end;
  -ms-flex-align: flex-end;
  align-items: flex-end;
}

.c27 {
  color: #4c5467;
  font-weight: 600;
}

.c28 {
  margin-left: -10px;
}

.c41 {
  position: fixed;
  bottom: 0;
  padding: 1rem;
  width: 100%;
  z-index: 1000;
}

.c45 {
  padding: 0 0.25rem;
}

.c13 {
  -webkit-flex: 1;
  -ms-flex: 1;
  flex: 1;
  display: -webkit-box;
  display: -webkit-flex;
  display: -ms-flexbox;
  display: flex;
  text-align: left;
}

.c16 ul {
  z-index: 100;
}

.c16 li[role="option"]:nth-child(2n + 1) {
  background: #f5f7fa;
}

.c6 {
  box-shadow: 0 10px 10px -10px #c9d3df;
}

.c9 {
  margin-top: 0;
  font-size: 1.875rem;
  line-height: 1.4;
  color: #006ab2;
}

.c10 {
  font-size: 1rem;
}

.c8 {
  position: relative;
  padding: 1rem 0;
  text-align: center;
}

.c11 {
  display: -webkit-box;
  display: -webkit-flex;
  display: -ms-flexbox;
  display: flex;
  margin: 0 auto;
  padding: 0;
  position: relative;
  width: 90%;
}

.c12 {
  position: absolute;
  left: 0;
  top: 0;
  margin: 1rem 0 0 1.25rem;
  width: 1.3rem;
  height: 1.3rem;
}

.c15 {
  display: -webkit-box;
  display: -webkit-flex;
  display: -ms-flexbox;
  display: flex;
  margin: 0;
  padding: 0 1rem 0 4rem;
  width: 100%;
  height: 50px;
  font-size: inherit;
  font-family: inherit;
  color: inherit;
  -webkit-appearance: none;
  -moz-appearance: none;
  appearance: none;
  background: #f9f9fc;
  border: 1px solid #c9d3df;
  border-radius: 0.25rem;
  -webkit-transition: border 250ms ease;
  transition: border 250ms ease;
}

.c15:focus {
  border-color: #006be6;
  outline: none;
}

.c17 {
  position: relative;
  display: -webkit-box;
  display: -webkit-flex;
  display: -ms-flexbox;
  display: flex;
  -webkit-align-items: center;
  -webkit-box-align: center;
  -ms-flex-align: center;
  align-items: center;
  margin-left: 0.5rem;
  background-color: #ebeff3;
  border: none;
  border-radius: 0.25rem;
}

.c18 {
  position: absolute;
  top: 50%;
  left: 0;
  width: 1.25rem;
  height: 1.25rem;
  -webkit-transform: translate(50%,-50%);
  -ms-transform: translate(50%,-50%);
  transform: translate(50%,-50%);
}

.c19 {
  padding-left: 2.5rem;
  color: #26353f;
  background-color: transparent;
  border: 1px solid transparent;
}

.c20 {
  padding: 0.625rem 1rem;
  -webkit-appearance: none;
  -moz-appearance: none;
  appearance: none;
  text-align: center;
  line-height: inherit;
  font-size: 1rem;
  font-weight: 600;
  vertical-align: middle;
  border-style: solid;
  border-width: 1px 1px 2px 1px;
  border-radius: 0.25rem;
  cursor: pointer;
  -webkit-transition: background-color 250ms ease;
  transition: background-color 250ms ease;
  color: #fff;
  background: #006be6;
  border-color: #006be6;
  border-bottom-color: #0053b3;
  margin-left: 0.5rem;
}

.c20:not([disabled]):hover,
.c20:not([disabled]):focus {
  background: #07f;
  color: #fff;
}

.c20:not([disabled]):active {
  color: #fff;
  background: #1a85ff;
  border-width: 2px 1px 1px 1px;
  border-color: #006be6;
  outline: none;
}

.c20[aria-pressed="true"] {
  color: #fff;
  background: #07f;
  border-width: 2px 1px 1px 1px;
  border-color: #006be6;
  border-top-color: #0053b3;
  box-shadow: inset 0 1px 2px 0 #0053b3;
}

.c20[aria-pressed="true"]:not([disabled]):hover,
.c20[aria-pressed="true"]:not([disabled]):focus {
  background-color: #006be6;
}

.c20[aria-pressed="true"]:not([disabled]):active {
  border-top-color: #0053b3;
}

.c20[disabled] {
  cursor: not-allowed;
  color: rgba(255,255,255,0.4);
}

.c36 {
  margin-bottom: 1rem;
}

.c37 {
  display: -webkit-box;
  display: -webkit-flex;
  display: -ms-flexbox;
  display: flex;
  -webkit-box-pack: space-around;
  -webkit-justify-content: space-around;
  -ms-flex-pack: space-around;
  justify-content: space-around;
}

.c39 {
  padding: 0.625rem 1rem;
  -webkit-appearance: none;
  -moz-appearance: none;
  appearance: none;
  text-align: center;
  line-height: inherit;
  font-size: 1rem;
  font-weight: 600;
  vertical-align: middle;
  border-style: solid;
  border-width: 1px 1px 2px 1px;
  border-radius: 0.25rem;
  cursor: pointer;
  -webkit-transition: background-color 250ms ease;
  transition: background-color 250ms ease;
  color: #0c0c0e;
  background: #eaeaea;
  border-color: #eaeaea;
  border-bottom-color: #d1d1d1;
  min-width: 7rem;
}

.c39:not([disabled]):hover,
.c39:not([disabled]):focus {
  background: #f7f7f7;
  color: #18181c;
}

.c39:not([disabled]):active {
  color: #242429;
  background: #fff;
  border-width: 2px 1px 1px 1px;
  border-color: #eaeaea;
  outline: none;
}

.c39[aria-pressed="true"] {
  color: #18181c;
  background: #f7f7f7;
  border-width: 2px 1px 1px 1px;
  border-color: #eaeaea;
  border-top-color: #d1d1d1;
  box-shadow: inset 0 1px 2px 0 #d1d1d1;
}

.c39[aria-pressed="true"]:not([disabled]):hover,
.c39[aria-pressed="true"]:not([disabled]):focus {
  background-color: #eaeaea;
}

.c39[aria-pressed="true"]:not([disabled]):active {
  border-top-color: #d1d1d1;
}

.c39[disabled] {
  cursor: not-allowed;
  color: rgba(12,12,14,0.4);
}

.c39 + .c38 {
  margin-left: 1rem;
}

.c40 {
  padding: 0.625rem 1rem;
  -webkit-appearance: none;
  -moz-appearance: none;
  appearance: none;
  text-align: center;
  line-height: inherit;
  font-size: 1rem;
  font-weight: 600;
  vertical-align: middle;
  border-style: solid;
  border-width: 1px 1px 2px 1px;
  border-radius: 0.25rem;
  cursor: pointer;
  -webkit-transition: background-color 250ms ease;
  transition: background-color 250ms ease;
  color: #fff;
  background: #006be6;
  border-color: #006be6;
  border-bottom-color: #0053b3;
  min-width: 7rem;
}

.c40:not([disabled]):hover,
.c40:not([disabled]):focus {
  background: #07f;
  color: #fff;
}

.c40:not([disabled]):active {
  color: #fff;
  background: #1a85ff;
  border-width: 2px 1px 1px 1px;
  border-color: #006be6;
  outline: none;
}

.c40[aria-pressed="true"] {
  color: #fff;
  background: #07f;
  border-width: 2px 1px 1px 1px;
  border-color: #006be6;
  border-top-color: #0053b3;
  box-shadow: inset 0 1px 2px 0 #0053b3;
}

.c40[aria-pressed="true"]:not([disabled]):hover,
.c40[aria-pressed="true"]:not([disabled]):focus {
  background-color: #006be6;
}

.c40[aria-pressed="true"]:not([disabled]):active {
  border-top-color: #0053b3;
}

.c40[disabled] {
  cursor: not-allowed;
  color: rgba(255,255,255,0.4);
}

.c40 + .c38 {
  margin-left: 1rem;
}

.c33 {
  margin-top: 2.5rem;
  padding: 1rem;
  background-color: #f9f9fc;
  border-radius: 0.25rem;
}

.c0 {
  color: white;
  background: currentColor;
}

.c2 {
  display: -webkit-box;
  display: -webkit-flex;
  display: -ms-flexbox;
  display: flex;
  padding: 1.25rem 0;
}

.c3 {
  display: -webkit-box;
  display: -webkit-flex;
  display: -ms-flexbox;
  display: flex;
  -webkit-align-items: center;
  -webkit-box-align: center;
  -ms-flex-align: center;
  align-items: center;
  -webkit-text-decoration: none;
  text-decoration: none;
  cursor: pointer;
}

.c3:link {
  -webkit-text-decoration: none;
  text-decoration: none;
}

.c3:hover {
  -webkit-text-decoration: underline;
  text-decoration: underline;
}

.c4 {
  width: 5rem;
  height: 100%;
  margin-right: 1rem;
}

.c5 {
  font-size: 1.3rem;
  line-height: 1.1;
  -webkit-text-decoration: none;
  text-decoration: none;
}

.c49 {
  text-align: center;
}

.c50 {
  margin-bottom: 1.25rem;
  text-align: left;
}

.c52 {
  display: -webkit-box;
  display: -webkit-flex;
  display: -ms-flexbox;
  display: flex;
  -webkit-box-pack: justify;
  -webkit-justify-content: space-between;
  -ms-flex-pack: justify;
  justify-content: space-between;
}

.c54 + .c53 {
  padding-left: 1rem;
}

.c55 {
  font-size: 1rem;
  font-weight: bold;
}

.c57 {
  margin: 0.5rem 0;
}

.c57 a {
  color: #434956;
}

@media print {
  .c1 {
    max-width: 100%;
    padding: 0;
  }
}

@media print {
  .c24 {
    max-width: 100%;
    padding: 0;
  }
}

@media print {
  .c34 {
    max-width: 100%;
    padding: 0;
  }
}

@media print {
  .c22 {
    border: none;
    padding: 0 5pt;
  }
}

@media print {
  .c35 {
    border: none;
    padding: 0 5pt;
  }
}

@media (max-width:600px) {
  .c30 {
    -webkit-flex: 0 0 2rem;
    -ms-flex: 0 0 2rem;
    flex: 0 0 2rem;
  }
}

@media (max-width:1200px) {
  .c25 {
    display: none;
  }
}

@media (max-width:600px) {
  .c26 {
    -webkit-flex-flow: column;
    -ms-flex-flow: column;
    flex-flow: column;
    -webkit-align-items: flex-start;
    -webkit-box-align: flex-start;
    -ms-flex-align: flex-start;
    align-items: flex-start;
  }
}

@media print {
  .c6 {
    display: none;
  }
}

@media (max-width:600px) {
  .c11 {
    -webkit-flex-direction: column;
    -ms-flex-direction: column;
    flex-direction: column;
    height: auto;
  }
}

@media (max-width:600px) {
  .c12 {
    display: none;
  }
}

@media (max-width:600px) {
  .c15 {
    height: 50px;
    padding: 0 1rem;
  }
}

@media (max-width:980px) {
  .c17 {
    display: none;
  }
}

@media (max-width:600px) {
  .c20 {
    margin-left: 0;
    margin-top: 0.625rem;
  }
}

@media print {
  .c48 {
    display: none;
  }
}

@media (max-width:600px) {
  .c52 {
    -webkit-flex-direction: column;
    -ms-flex-direction: column;
    flex-direction: column;
  }
}

@media (max-width:600px) {
  .c54 + .c53 {
    padding-left: 0;
  }
}

<div>
  <header
    class="c0"
  >
    <div
      class="c1"
    >
      <div
        class="c2"
      >
        <a
          class="c3"
          href="/?q="
          title="Code du travail numérique - retour à l'accueil"
        >
          <img
            alt="symbole de la Marianne, site officiel du gouvernement"
            class="c4"
            src="/static/assets/img/marianne.svg"
          />
          <span
            class="c5"
          >
            Code du travail
            <br />
            numérique
          </span>
        </a>
      </div>
    </div>
  </header>
  <main
    id="main"
  >
    <div
      class="c6 c7"
    >
      <div
        class="c1"
      >
        <div
          class="c8"
        >
          <p
            class="c9"
          >
            Posez votre question sur le droit du travail
            <br />
            <a
              class="c10"
              href="/droit-du-travail"
            >
              Le droit du travail, c‘est quoi ?
            </a>
          </p>
          <form
            class="c11"
          >
            <svg
              class="c12"
              viewBox="0 0 20 20"
            >
              <title />
              <path
                d="M17.876 8.939c0 2.197-.819 4.208-2.123 5.773l4.023 4.022a.72.72 0 0 1 0 1.043.735.735 0 0 1-.522.223.736.736 0 0 1-.52-.223l-4.023-4.023a8.813 8.813 0 0 1-5.772 2.123C4.022 17.877 0 13.855 0 8.939 0 4.022 4.023 0 8.939 0c4.915 0 8.937 4.023 8.937 8.939zM9.001 16.5c4.124 0 7.499-3.375 7.499-7.5S13.125 1.5 9 1.5C4.877 1.5 1.5 4.875 1.5 9s3.376 7.5 7.5 7.5z"
                fill="currentColor"
                fill-rule="evenodd"
              />
            </svg>
            <label
              class="c13"
              for="main-search-input"
            >
              <span
                class="c14"
              >
                Rechercher
              </span>
              <div
                aria-expanded="false"
                aria-haspopup="listbox"
                aria-owns="react-autowhatever-cdtn-documents-suggester"
                role="combobox"
              >
                <input
                  aria-autocomplete="list"
                  aria-controls="react-autowhatever-cdtn-documents-suggester"
                  autocomplete="off"
                  class="c15"
                  id="main-search-input"
                  name="query"
                  placeholder="Recherche"
                  type="search"
                  value=""
                />
                <div
                  class="c16"
                  id="react-autowhatever-cdtn-documents-suggester"
                  role="listbox"
                />
              </div>
            </label>
            <label
              class="c17"
              for="contentSource"
            >
              <span
                class="c14"
              >
                Filtrer par type de contenu
              </span>
              <svg
                class="c18"
                viewBox="0 0 512 512"
              >
                <title>
                  Icône réponse
                </title>
                <path
                  d="M346 319c-5.522 0-10 4.477-10 10v69c0 27.57-22.43 50-50 50H178.032c-5.521 0-9.996 4.473-10 9.993l-.014 19.882-23.868-23.867a10.003 10.003 0 0 0-9.171-6.008H70c-27.57 0-50-22.43-50-50V244c0-27.57 22.43-50 50-50h101c5.522 0 10-4.477 10-10s-4.478-10-10-10H70c-38.598 0-70 31.402-70 70v154c0 38.598 31.402 70 70 70h59.858l41.071 41.071a9.997 9.997 0 0 0 10.894 2.169 10 10 0 0 0 6.177-9.233l.024-34.007H286c38.598 0 70-31.402 70-70v-69c0-5.523-4.478-10-10-10z"
                  fill="currentColor"
                />
                <path
                  d="M366.655 0h-25.309C261.202 0 196 65.202 196 145.346s65.202 145.345 145.345 145.345h25.309c12.509 0 24.89-1.589 36.89-4.729l37.387 37.366A10 10 0 0 0 458 316.255v-57.856c15.829-12.819 28.978-29.012 38.206-47.102C506.687 190.751 512 168.562 512 145.346 512 65.202 446.798 0 366.655 0zm75.328 245.535a10.003 10.003 0 0 0-3.983 7.988v38.6l-24.471-24.458a10.003 10.003 0 0 0-10.006-2.485c-11.903 3.658-24.307 5.512-36.868 5.512h-25.309c-69.117 0-125.346-56.23-125.346-125.346C216 76.23 272.23 20 341.346 20h25.309C435.771 20 492 76.23 492 145.346c0 39.731-18.23 76.249-50.017 100.189z"
                  fill="currentColor"
                />
                <path
                  d="M399.033 109.421c-1.443-20.935-18.319-37.811-39.255-39.254-11.868-.815-23.194 3.188-31.863 11.281-8.55 7.981-13.453 19.263-13.453 30.954 0 5.523 4.478 10 10 10s10-4.477 10-10c0-6.259 2.522-12.06 7.1-16.333 4.574-4.269 10.552-6.382 16.842-5.948 11.028.76 19.917 9.649 20.677 20.676.768 11.137-6.539 20.979-17.373 23.403-8.778 1.964-14.908 9.592-14.908 18.549v24.025c0 5.523 4.478 10 10 10 5.523 0 10-4.477 9.999-10v-23.226c20.15-4.868 33.669-23.306 32.234-44.127zM363.87 209.26a10.076 10.076 0 0 0-7.07-2.93c-2.63 0-5.21 1.07-7.07 2.93a10.076 10.076 0 0 0-2.93 7.07c0 2.64 1.071 5.22 2.93 7.08 1.86 1.86 4.44 2.92 7.07 2.92s5.21-1.06 7.07-2.92a10.1 10.1 0 0 0 2.93-7.08c0-2.63-1.071-5.21-2.93-7.07zM275 310H64c-5.522 0-10 4.477-10 10s4.478 10 10 10h211c5.523 0 10-4.477 10-10s-4.478-10-10-10zm7.069 58.93A10.072 10.072 0 0 0 275 366c-2.63 0-5.21 1.07-7.07 2.93A10.071 10.071 0 0 0 265 376c0 2.63 1.07 5.21 2.93 7.07 1.86 1.86 4.44 2.93 7.07 2.93s5.21-1.07 7.069-2.93A10.055 10.055 0 0 0 285 376c0-2.63-1.071-5.21-2.931-7.07zM235.667 366H64c-5.522 0-10 4.477-10 10s4.478 10 10 10h171.667c5.523 0 10-4.477 10-10s-4.478-10-10-10zM210 254H64c-5.522 0-10 4.477-10 10s4.478 10 10 10h146c5.523 0 10-4.477 10-10s-4.478-10-10-10z"
                  fill="currentColor"
                />
              </svg>
              <select
                class="c19"
                id="contentSource"
                name="source"
              >
                <option
                  value=""
                >
                  Tous contenus
                </option>
                <option
                  value="faq"
                >
                  Réponses
                </option>
                <option
                  value="code_du_travail"
                >
                  Code du travail
                </option>
                <option
                  value="fiches"
                >
                  Fiches
                </option>
                <option
                  value="modeles_de_courriers"
                >
                  Modèles
                </option>
                <option
                  value="outils"
                >
                  Outils
                </option>
                <option
                  value="annuaire"
                >
                  Annuaire
                </option>
              </select>
            </label>
            <button
              aria-pressed="false"
              class="c20"
              type="submit"
            >
              Rechercher
            </button>
          </form>
        </div>
      </div>
    </div>
    <div
      class="c21"
    >
      <div
        class="c1"
      >
        <div
          class="c22"
        >
          <div
            class="c21"
          >
            <div
              class="c23 c24"
            >
              <div
                class="c25"
              >
                <svg
                  viewBox="0 0 512 512"
                >
                  <title>
                    Icône modèle de courrier
                  </title>
                  <path
                    d="M496 489.618V186.57c0-3.121-3.925-7.048-7.75-9.967l-79.212-57.49V55.584c0-6.242-5.233-10.47-10.467-10.47h-90.283L262.29 11.585c-3.12-2.115-8.354-2.115-11.575 0l-45.997 33.526h-90.283c-6.24 0-10.468 5.236-10.468 10.471v62.825L23.75 176.702c-4.73 2.92-7.75 6.746-7.75 9.968v305.063c0 5.94 4.73 10.068 9.662 10.47h459.77c6.743-.1 10.568-5.336 10.568-12.585zm-19.929-284.222v265.395L302.853 332.053 476.07 205.396zm-7.75-18.424l-59.283 43.192v-86.787l59.283 43.595zM256.051 31.42l18.418 13.592h-36.938l18.52-13.592zm132.052 34.634v179.413L256.05 341.718l-132.053-96.25V66.053h264.106zM36.03 205.396l173.22 126.657-173.22 139.543v-266.2zm68.04 25.573l-60.793-44.3 60.793-44.198v88.498zM54.85 482.168l171.206-137.832 23.652 17.317c4.53 3.423 7.952 3.423 12.582 0l23.652-17.317 172.213 137.832H54.85z"
                    fill="currentColor"
                  />
                  <path
                    d="M185.831 116.78h141.356v20.339H185.831zM185.831 180.847h141.356v20.339H185.831zM185.831 244.915h141.356v20.339H185.831z"
                    fill="currentColor"
                  />
                </svg>
              </div>
              <h1>
                Modèle de courrier :  undefined
              </h1>
              <div
                class="c26"
              >
                <span
                  class="c27"
                >
                  Modèle de document
                </span>
              </div>
              <div
                class="c28"
              />
            </div>
            <div
              class="c24"
            >
              
              <div
                class="c21"
              >
                <div
                  class="c22"
                >
                  <div />
                </div>
              </div>
              <h4>
                Télécharger le modèle
              </h4>
              <a
                class="c29"
                href="api.url/docs/undefined"
                title="Télécharger le courrier type"
              >
                <span
                  class="c30"
                >
                  <svg
                    viewBox="0 0 512 512"
                  >
                    <title>
                      Icône modèle de courrier
                    </title>
                    <path
                      d="M496 489.618V186.57c0-3.121-3.925-7.048-7.75-9.967l-79.212-57.49V55.584c0-6.242-5.233-10.47-10.467-10.47h-90.283L262.29 11.585c-3.12-2.115-8.354-2.115-11.575 0l-45.997 33.526h-90.283c-6.24 0-10.468 5.236-10.468 10.471v62.825L23.75 176.702c-4.73 2.92-7.75 6.746-7.75 9.968v305.063c0 5.94 4.73 10.068 9.662 10.47h459.77c6.743-.1 10.568-5.336 10.568-12.585zm-19.929-284.222v265.395L302.853 332.053 476.07 205.396zm-7.75-18.424l-59.283 43.192v-86.787l59.283 43.595zM256.051 31.42l18.418 13.592h-36.938l18.52-13.592zm132.052 34.634v179.413L256.05 341.718l-132.053-96.25V66.053h264.106zM36.03 205.396l173.22 126.657-173.22 139.543v-266.2zm68.04 25.573l-60.793-44.3 60.793-44.198v88.498zM54.85 482.168l171.206-137.832 23.652 17.317c4.53 3.423 7.952 3.423 12.582 0l23.652-17.317 172.213 137.832H54.85z"
                      fill="currentColor"
                    />
                    <path
                      d="M185.831 116.78h141.356v20.339H185.831zM185.831 180.847h141.356v20.339H185.831zM185.831 244.915h141.356v20.339H185.831z"
                      fill="currentColor"
                    />
                  </svg>
                </span>
                <span>
                  <div
                    class="c31"
                  >
                    <span>
                      modele
                    </span>
                    <br />
                    <span
                      class="c32"
                    >
                      Modèle de document
                    </span>
                  </div>
                </span>
              </a>
              <div
                class="c33"
              >
                Modèles de courrier fournis par vos services de renseignement des DIRECCTE en région
              </div>
            </div>
          </div>
        </div>
      </div>
    </div>
    <div
      class="c21"
    >
      <div
        class="c34"
      >
        <div
          class="c35"
        >
          <h3
            class="c36"
          >
            Avez-vous trouvé la réponse à votre question ?
          </h3>
          <p
            class="c37"
          >
            <button
              aria-pressed="false"
              class="c38 c39"
            >
              Non
            </button>
            <button
              aria-pressed="false"
              class="c38 c40"
            >
              Oui
            </button>
          </p>
        </div>
      </div>
    </div>
    <div
      class="c41"
    >
      <div
        class="c42"
      >
        <div
          class="c43"
        >
          <svg
            fill="none"
            height="24"
            stroke="currentColor"
            stroke-linecap="round"
            stroke-linejoin="round"
            stroke-width="2"
            viewBox="0 0 24 24"
            width="24"
            xmlns="http://www.w3.org/2000/svg"
          >
            <path
              d="M10.29 3.86L1.82 18a2 2 0 0 0 1.71 3h16.94a2 2 0 0 0 1.71-3L13.71 3.86a2 2 0 0 0-3.42 0z"
            />
            <line
              x1="12"
              x2="12"
              y1="9"
              y2="13"
            />
            <line
              x1="12"
              x2="12"
              y1="17"
              y2="17"
            />
          </svg>
        </div>
        <div
          class="c44"
          role="alert"
        >
          Ce site est en cours de construction, la fiabilité des réponses qui s’y trouvent ne sont pas garanties.
          <a
            class="c45"
            href="https://www.legifrance.gouv.fr/affichTexteArticle.do;jsessionid=AE9DCF75DDCF0465784CEE0E7D62729F.tplgfr37s_2?idArticle=JORFARTI000035607420&cidTexte=JORFTEXT000035607388&dateTexte=29990101&categorieLien=id"
            rel="noopener noreferrer"
            target="_blank"
            title="consulter l'ordonance"
          >
            L’ouverture officielle du site
          </a>
          est prévue pour 2020.
        </div>
        <div
          class="c46"
        >
          <button
            aria-label="Fermer"
            aria-pressed="false"
            class="c47"
          >
            <svg
              fill="none"
              height="24"
              stroke="currentColor"
              stroke-linecap="round"
              stroke-linejoin="round"
              stroke-width="2"
              viewBox="0 0 24 24"
              width="24"
              xmlns="http://www.w3.org/2000/svg"
            >
              <line
                x1="18"
                x2="6"
                y1="6"
                y2="18"
              />
              <line
                x1="6"
                x2="18"
                y1="6"
                y2="18"
              />
            </svg>
          </button>
        </div>
      </div>
    </div>
  </main>
  <footer
    class="c48"
  >
    <div
      class="c21"
    >
      <div
        class="c49 c1"
      >
        <h2>
          Besoin d’un accompagnement personnalisé ?
        </h2>
        <div
          class="c50 c24"
        >
          Les services de renseignement en droit du travail peuvent vous donner des informations juridiques générales relatives au Code du travail, aux conventions collectives, à la jurisprudence. Ils peuvent également vous conseiller et vous orienter dans vos démarches.
        </div>
        <button
          aria-pressed="false"
          class="c51"
        >
          Contacter les services de renseignement
        </button>
      </div>
    </div>
    <div
      class="c21"
    >
      <div
        class="c52 c1"
      >
        <div
          class="c53 c54"
        >
          <h3
            class="c55"
          >
            Code du travail numérique
          </h3>
          <ul
            class="c56"
          >
            <li
              class="c57"
            >
              <a
                href="/droit-du-travail"
              >
                Le droit du travail
              </a>
            </li>
            <li
              class="c57"
            >
              <a
                href="/a-propos"
              >
                À propos
              </a>
            </li>
            <li
              class="c57"
            >
              <a
                href="/mentions-legales"
              >
                Mentions légales
              </a>
            </li>
            <li
              class="c57"
            >
              <a
                href="mailto:codedutravail@beta.gouv.fr"
              >
                Contact
              </a>
            </li>
          </ul>
        </div>
        <div
          class="c53 c54"
        >
          <h3
            class="c55"
          >
            Aidez-nous à améliorer cet outil
          </h3>
          <ul
            class="c56"
          >
            <li
              class="c57"
            >
              <a
                href="https://github.com/SocialGouv/code-du-travail-numerique/tree/vx.y.z"
                rel="noopener noreferrer"
                target="_blank"
              >
                Contribuer sur Github
              </a>
            </li>
            <li
              class="c57"
            >
              <a
                href="https://github.com/SocialGouv/code-du-travail-numerique/releases/tag/vx.y.z"
                rel="noopener noreferrer"
                target="_blank"
              >
                Journal des modifications
              </a>
            </li>
          </ul>
        </div>
        <div
          class="c53 c54"
        >
          <h3
            class="c55"
          >
            En collaboration avec
          </h3>
          <ul
            class="c56"
          >
            <li
              class="c57"
            >
              <a
                href="https://travail-emploi.gouv.fr/ministere/organisation/article/dgt-direction-generale-du-travail"
                rel="noopener noreferrer"
                target="_blank"
              >
                La Direction Générale du Travail
              </a>
            </li>
            <li
              class="c57"
            >
              <a
                href="https://incubateur.social.gouv.fr/"
                rel="noopener noreferrer"
                target="_blank"
              >
                L’incubateur des ministères sociaux
              </a>
            </li>
            <li
              class="c57"
            >
              <a
                href="https://beta.gouv.fr/"
                rel="noopener noreferrer"
                target="_blank"
              >
                beta.gouv.fr
              </a>
            </li>
          </ul>
        </div>
      </div>
    </div>
  </footer>
</div>
`;
