// Jest Snapshot v1, https://goo.gl/fbAQLP

exports[`<ServiceEnLigne /> should render 1`] = `
<div>
  <div
    class="sc-htpNat ioqBgE"
  >
    <div
      class="sc-bxivhb kjpcZS"
    >
      Se retrouve dans en entête
    </div>
    <a
      class="sc-ifAKCX iPrfNR"
      href="url à retoruver dans le lien"
      rel="noopener noreferrer"
      target="_blank"
    >
      Texte qui se retrouve dans le lien
    </a>
    <small
      class="sc-EHOje jrDJBX"
    >
      Source qui se retrouve sous le lien
    </small>
  </div>
</div>
`;
