// Jest Snapshot v1, https://goo.gl/fbAQLP

exports[`<YesNoQuestion /> should render 1`] = `
.c2 {
  padding: 0;
  text-align: center;
  font-size: 1.24rem;
  margin-right: 2em;
  display: -webkit-box;
  display: -webkit-flex;
  display: -ms-flexbox;
  display: flex;
  -webkit-align-items: center;
  -webkit-box-align: center;
  -ms-flex-align: center;
  align-items: center;
}

.c1 {
  display: -webkit-box;
  display: -webkit-flex;
  display: -ms-flexbox;
  display: flex;
  -webkit-box-pack: start;
  -webkit-justify-content: flex-start;
  -ms-flex-pack: start;
  justify-content: flex-start;
  -webkit-align-items: flex-start;
  -webkit-box-align: flex-start;
  -ms-flex-align: flex-start;
  align-items: flex-start;
  -webkit-flex-direction: column;
  -ms-flex-direction: column;
  flex-direction: column;
}

.c0 {
  font-size: 1.1rem;
  display: block;
  margin-top: 1.25rem;
  margin-bottom: 0.625rem;
}

<div>
  <p
    class="c0"
  >
    lorem ipsum ?
  </p>
  <div
    class="c1"
  >
    <label
      class="c2"
    >
      <input
        name="test"
        type="radio"
        value="true"
      />
      <span>
        Oui
      </span>
    </label>
    <label
      class="c2"
    >
      <input
        name="test"
        type="radio"
        value="false"
      />
      <span>
        Non
      </span>
    </label>
  </div>
</div>
`;
