// Jest Snapshot v1, https://goo.gl/fbAQLP

exports[`<Result /> should render 1`] = `
.c21 {
  display: inline-block;
  padding: 0.625rem 1.5rem;
  font-weight: 600;
  font-size: 1rem;
  line-height: inherit;
  text-align: center;
  vertical-align: middle;
  border: 1px solid;
  border-radius: 1.5rem;
  cursor: pointer;
  -webkit-transition: background-color 250ms ease;
  transition: background-color 250ms ease;
  -webkit-appearance: none;
  -moz-appearance: none;
  appearance: none;
  color: #fff;
  background: #006be6;
  border-color: #006be6;
}

.c21:not([disabled]):hover,
.c21:not([disabled]):active,
.c21:not([disabled]):focus {
  color: #fff;
  background: #07f;
}

.c21[disabled] {
  color: rgba(255,255,255,0.4);
  cursor: not-allowed;
}

.c17 {
  display: -webkit-inline-box;
  display: -webkit-inline-flex;
  display: -ms-inline-flexbox;
  display: inline-flex;
  -webkit-box-pack: justify;
  -webkit-justify-content: space-between;
  -ms-flex-pack: justify;
  justify-content: space-between;
  box-sizing: border-box;
  width: auto;
  min-height: 48px;
  color: #434956;
  background-color: #fff;
  border-color: #e5f1fe;
  border-style: solid;
  border-width: 1px;
  border-radius: 0.25rem;
  box-shadow: none;
  -webkit-animation: none;
  animation: none;
}

.c19 {
  display: -webkit-box;
  display: -webkit-flex;
  display: -ms-flexbox;
  display: flex;
  -webkit-box-flex: 0;
  -webkit-flex-grow: 0;
  -ms-flex-positive: 0;
  flex-grow: 0;
  -webkit-align-items: flex-start;
  -webkit-box-align: flex-start;
  -ms-flex-align: flex-start;
  align-items: flex-start;
  -webkit-box-pack: center;
  -webkit-justify-content: center;
  -ms-flex-pack: center;
  justify-content: center;
  padding: 1rem;
  background-color: #e5f1fe;
}

.c20 {
  -webkit-box-flex: 1;
  -webkit-flex-grow: 1;
  -ms-flex-positive: 1;
  flex-grow: 1;
  -webkit-align-self: center;
  -ms-flex-item-align: center;
  align-self: center;
  padding: 1rem;
  color: #434956;
  text-align: left;
}

.c0 {
  margin-top: 2rem;
  margin-bottom: 1.25rem;
  font-size: 1.625rem;
}

.c1 {
  color: #005994;
  font-weight: 700;
  font-size: 1.375rem;
}

.c9 {
  margin-bottom: 1rem;
}

.c5 {
  display: -webkit-box;
  display: -webkit-flex;
  display: -ms-flexbox;
  display: flex;
}

.c6 {
  position: relative;
  display: -webkit-inline-box;
  display: -webkit-inline-flex;
  display: -ms-inline-flexbox;
  display: inline-flex;
  -webkit-align-items: center;
  -webkit-box-align: center;
  -ms-flex-align: center;
  align-items: center;
  width: calc(50% * 0.9533911504424778);
  padding: 1em;
  background-color: #4c5467;
  border-radius: 0.25rem;
}

.c15 {
  position: relative;
  display: -webkit-inline-box;
  display: -webkit-inline-flex;
  display: -ms-inline-flexbox;
  display: inline-flex;
  -webkit-align-items: center;
  -webkit-box-align: center;
  -ms-flex-align: center;
  align-items: center;
  width: calc(50% * 1);
  padding: 1em;
  border-radius: 0.25rem;
}

.c7 {
  margin-left: 1rem;
  color: #4c5467;
  font-size: 1.375rem;
}

.c16 {
  margin-left: 1rem;
  font-size: 1.875rem;
}

.c8 {
  margin-top: 1.25rem;
}

.c10 {
  font-weight: bold;
  font-size: 0.875rem;
}

.c11 {
  list-style-type: disc;
}

.c12 {
  font-size: 0.875rem;
}

.c13 {
  margin: 1rem 0;
}

.c2 {
  display: -webkit-box;
  display: -webkit-flex;
  display: -ms-flexbox;
  display: flex;
  -webkit-flex-direction: column;
  -ms-flex-direction: column;
  flex-direction: column;
}

.c3 {
  -webkit-order: 1;
  -ms-flex-order: 1;
  order: 1;
  padding: 0 0.625rem;
}

.c14 {
  -webkit-order: 0;
  -ms-flex-order: 0;
  order: 0;
  padding: 0 0.625rem;
}

.c4 {
  font-size: 1.375rem;
}

.c18 {
  margin: 1.25rem 0;
}

@media (max-width:980px) {
  .c5 {
    -webkit-flex-flow: wrap;
    -ms-flex-flow: wrap;
    flex-flow: wrap;
  }
}

@media (max-width:980px) {
  .c6 {
    width: calc(100% * 0.9533911504424778);
  }
}

@media (max-width:980px) {
  .c15 {
    width: calc(100% * 1);
  }
}

@media (max-width:980px) {
  .c7 {
    width: 100%;
    margin-left: 0;
  }
}

@media (max-width:980px) {
  .c16 {
    width: 100%;
    margin-left: 0;
  }
}

<div>
  <h2
    class="c0"
  >
    Convention collective nationale des transports routiers et activités auxiliaires du transport du 21 décembre 1950
  </h2>
  <p>
    À partir des éléments que vous avez saisis, votre indémnité de licenciement est estimée à
     
    <strong
      class="c1"
    >
      5,650.00
       € brut
    </strong>
  </p>
  <p>
    Il s’agit du montant le plus favorable entre votre indemnité légale et votre indemnité conventionnelle.
  </p>
  <div
    class="c2"
  >
    <section
      class="c3"
    >
      <h2
        class="c4"
      >
        Votre indemnite légale
      </h2>
      <div
        class="c5"
      >
        <div
          class="c6"
        />
        <span
          class="c7"
        >
          5,386.66
           € brut
        </span>
      </div>
      <details
        class="c8"
      >
        <summary
          class="c9"
        >
          Voir le detail du calcul
        </summary>
        <strong
          class="c10"
        >
          Élements saisis :
        </strong>
        <ul
          class="c11"
        >
          <li
            class="c12"
          >
            Salaire de réference (Sref)
             : 
            2000
          </li>
          <li
            class="c12"
          >
            Licenciement pour inaptitude
             : 
            non
          </li>
          <li
            class="c12"
          >
            Ancienneté totale (A)
             : 
            10.58
          </li>
          <li
            class="c12"
          >
            Ancienneté au delà de 10ans (A2)
             : 
            0.58
          </li>
        </ul>
        <strong
          class="c10"
        >
          Formule
        </strong>
        <div
          class="c13"
        >
          <div
            id="react-mathjax-preview"
          >
            <div
              id="react-mathjax-preview-result"
            >
              \`(1/4 * Sref * 10) + (1/3 * Sref * "A2")\`
            </div>
          </div>
        </div>
      </details>
    </section>
    <section
      class="c14"
    >
      <h2
        class="c4"
      >
        Votre indemnite conventionnelle
      </h2>
      <div
        class="c5"
      >
        <div
          class="c15"
        />
        <span
          class="c16"
        >
          5,650.00
           € brut
        </span>
      </div>
      <details
        class="c8"
      >
        <summary
          class="c9"
        >
          Voir le detail du calcul
        </summary>
        <strong
          class="c10"
        >
          Élements saisis :
        </strong>
        <ul
          class="c11"
        >
          <li
            class="c12"
          >
            salaire de référence (Sref)
             : 
            2000
          </li>
          <li
            class="c12"
          >
            catégorie
             : 
            cadre
          </li>
          <li
            class="c12"
          >
            durée comme cadre, en mois, (Dc)
             : 
            120
          </li>
          <li
            class="c12"
          >
            durée comme TAM, en mois, (Dt)
             : 
            5
          </li>
          <li
            class="c12"
          >
            en age de partir à la retraite
             : 
            oui
          </li>
          <li
            class="c12"
          >
            majoration
             : 
            4000
          </li>
          <li
            class="c12"
          >
            minoration
             : 
            6600
          </li>
        </ul>
        <strong
          class="c10"
        >
          Formule
        </strong>
        <div
          class="c13"
        >
          <div
            id="react-mathjax-preview"
          >
            <div
              id="react-mathjax-preview-result"
            >
              \`4/10 * Sref * Dc + 3/10 * Sref * Dt  + "majoration" - "minoration"\`
            </div>
          </div>
        </div>
      </details>
    </section>
  </div>
  <div
    class="c17 c18"
  >
    <div
      class="c19"
    >
      <svg
        fill="none"
        height="24"
        stroke="currentColor"
        stroke-linecap="round"
        stroke-linejoin="round"
        stroke-width="2"
        viewBox="0 0 24 24"
        width="24"
        xmlns="http://www.w3.org/2000/svg"
      >
        <circle
          cx="12"
          cy="12"
          r="10"
        />
        <line
          x1="12"
          x2="12"
          y1="16"
          y2="12"
        />
        <line
          x1="12"
          x2="12"
          y1="8"
          y2="8"
        />
      </svg>
    </div>
    <div
      class="c20"
      role="alert"
    >
      Un accord collectif d’entreprise, le contrat de travail et un usage peuvent prévoir une formule de calcul plus avantageuse pour le salarié. Dans ce cas, le salarié perçoit l’indemnité la plus élevée.
    </div>
  </div>
  <button
    class="c21"
  >
    Recommencer une simulation
  </button>
</div>
`;
