// Jest Snapshot v1, https://goo.gl/fbAQLP

exports[`<Result_0044 /> should render 1`] = `
.c0 {
  max-width: 1200px;
  margin: 0 auto;
  padding: 0 1.25rem;
}

.c0 > *:last-child {
  margin-bottom: 0;
}

.c1 {
  padding: 0.625rem 1rem;
  -webkit-appearance: none;
  -moz-appearance: none;
  appearance: none;
  text-align: center;
  line-height: inherit;
  font-size: 1rem;
  font-weight: 600;
  vertical-align: middle;
  border-style: solid;
  border-width: 1px 1px 2px 1px;
  border-radius: 0.25rem;
  cursor: pointer;
  -webkit-transition: background-color 250ms ease;
  transition: background-color 250ms ease;
  color: #fff;
  background: #006be6;
  border-color: #006be6;
  border-bottom-color: #0053b3;
}

.c1:not([disabled]):hover,
.c1:not([disabled]):focus {
  background: #07f;
  color: #fff;
}

.c1:not([disabled]):active {
  color: #fff;
  background: #1a85ff;
  border-width: 2px 1px 1px 1px;
  border-color: #006be6;
  outline: none;
}

.c1[aria-pressed="true"] {
  color: #fff;
  background: #07f;
  border-width: 2px 1px 1px 1px;
  border-color: #006be6;
  border-top-color: #0053b3;
  box-shadow: inset 0 1px 2px 0 #0053b3;
}

.c1[aria-pressed="true"]:not([disabled]):hover,
.c1[aria-pressed="true"]:not([disabled]):focus {
  background-color: #006be6;
}

.c1[aria-pressed="true"]:not([disabled]):active {
  border-top-color: #0053b3;
}

.c1[disabled] {
  cursor: not-allowed;
  color: rgba(255,255,255,0.4);
}

@media print {
  .c0 {
    max-width: 100%;
    padding: 0;
  }
}

<div>
  <div
    class="c0"
  >
    <h2>
      Indemnité Conventionnelle
    </h2>
    <p>
      Le montant de l’indemnité conventionnelle est supérieur à celui de l’indemnité légale. 
      <br />
       Le montant de votre indémnité de licenciement sera de 
      <strong>
        1500
         €
      </strong>
    </p>
    <br />
    <details>
      <summary>
        Voir le detail du calcul
      </summary>
      <div
        id="react-mathjax-preview"
      >
        <div
          id="react-mathjax-preview-result"
        >
          \`3/10 * 2000 * 2.5 \`
        </div>
      </div>
    </details>
    <br />
    <br />
    <button
      aria-pressed="false"
      class="c1"
    >
       Recommencer une simulation 
    </button>
  </div>
</div>
`;
