// Jest Snapshot v1, https://goo.gl/fbAQLP

exports[`<VerticalArrow /> should render 1`] = `
<div>
  <div
    class="sc-bdVaJa kVneBu"
    role="presentation"
  />
</div>
`;
