// Jest Snapshot v1, https://goo.gl/fbAQLP

exports[`<Anciennete /> should render 1`] = `
.c4 {
  width: auto;
  padding: 1rem 0.4rem;
  font-size: 1rem;
  line-height: inherit;
  text-align: left;
  border: 1px solid #bbcadf;
  border-color: #bbcadf;
  border-radius: 0.6rem;
}

.c4::-webkit-outer-spin-button,
.c4::-webkit-inner-spin-button {
  margin: 0;
  -webkit-appearance: none;
  -moz-appearance: none;
  appearance: none;
}

.c7 {
  display: -webkit-box;
  display: -webkit-flex;
  display: -ms-flexbox;
  display: flex;
  -webkit-align-items: center;
  -webkit-box-align: center;
  -ms-flex-align: center;
  align-items: center;
  margin-right: 2em;
  padding: 0;
  font-size: 1.8rem;
}

.c6 {
  display: -webkit-box;
  display: -webkit-flex;
  display: -ms-flexbox;
  display: flex;
  -webkit-flex-direction: column;
  -ms-flex-direction: column;
  flex-direction: column;
  -webkit-align-items: flex-start;
  -webkit-box-align: flex-start;
  -ms-flex-align: flex-start;
  align-items: flex-start;
  -webkit-box-pack: start;
  -webkit-justify-content: flex-start;
  -ms-flex-pack: start;
  justify-content: flex-start;
  margin-bottom: 2rem;
}

.c0 {
  margin: 0 0 1rem 0;
  color: #2f3b6c;
  font-weight: normal;
  font-size: 2.8rem;
  font-family: "Merriweather",serif;
  line-height: 1.25;
  margin-top: 3.2rem;
  margin-bottom: 2rem;
}

.c1 {
  display: block;
  margin-top: 2rem;
  margin-bottom: 1rem;
  font-size: 1.8rem;
  cursor: pointer;
}

.c5 {
  display: block;
  margin-top: 2rem;
  margin-bottom: 1rem;
  font-size: 1.8rem;
  cursor: default;
}

.c2 {
  display: inline-block;
  margin-left: 1rem;
  color: #eb5757;
  font-weight: 700;
}

.c3 {
  display: -webkit-box;
  display: -webkit-flex;
  display: -ms-flexbox;
  display: flex;
  -webkit-align-items: center;
  -webkit-box-align: center;
  -ms-flex-align: center;
  align-items: center;
  margin-bottom: 2rem;
}

<div>
  <form>
    <h2
      class="c0"
    >
      Dates d’entrée et de sortie de l’entreprise
    </h2>
    <label
      class="c1"
      for="1"
    >
      Quelle est la date d’entrée dans l’entreprise ?
      <span
        aria-label="champs obligatoire"
        class="c2"
      >
        *
      </span>
    </label>
    <div
      class="c3"
    >
      <input
        class="c4"
        id="1"
        name="dateEntree"
        placeholder=" jj/mm/yyyy"
        type="date"
        value=""
      />
    </div>
    <label
      class="c1"
      for="2"
    >
      Quelle est la date de notification du licenciement ?
      <span
        aria-label="champs obligatoire"
        class="c2"
      >
        *
      </span>
    </label>
    <div
      class="c3"
    >
      <input
        class="c4"
        id="2"
        name="dateNotification"
        placeholder=" jj/mm/yyyy"
        type="date"
        value=""
      />
    </div>
    <label
      class="c1"
      for="3"
    >
      Quelle est la date de sortie de l’entreprise (incluant la durée du préavis) ?
      <span
        aria-label="champs obligatoire"
        class="c2"
      >
        *
      </span>
    </label>
    <div
      class="c3"
    >
      <input
        class="c4"
        id="3"
        name="dateSortie"
        placeholder=" jj/mm/yyyy"
        type="date"
        value=""
      />
    </div>
    <h2
      class="c0"
    >
      Période d’absence prolongée (plus d’un mois)
    </h2>
    <p
      class="c5"
    >
      Y a-t-il eu des absences de plus d’un mois durant le contrat de travail ?
      <span
        aria-label="champs obligatoire"
        class="c2"
      >
        *
      </span>
    </p>
    <div
      class="c6"
    >
      <label
        class="c7"
      >
        <input
          name="hasAbsenceProlonge"
          type="radio"
          value="true"
        />
        <span>
          Oui
        </span>
      </label>
      <label
        class="c7"
      >
        <input
          name="hasAbsenceProlonge"
          type="radio"
          value="false"
        />
        <span>
          Non
        </span>
      </label>
    </div>
    
    
    <button
      data-testid="nextBt"
    >
      suivant
    </button>
  </form>
</div>
`;
