// Jest Snapshot v1, https://goo.gl/fbAQLP

exports[`<Step /> should render 1`] = `
.c2 {
  display: -webkit-box;
  display: -webkit-flex;
  display: -ms-flexbox;
  display: flex;
  -webkit-align-items: center;
  -webkit-box-align: center;
  -ms-flex-align: center;
  align-items: center;
  margin-right: 2em;
  padding: 0;
}

.c0 {
  margin: 0 0 1rem 0;
  color: #2f3b6c;
  font-weight: normal;
  font-size: 2.8rem;
  font-family: "Merriweather",serif;
  line-height: 1.25;
  margin-top: 3.2rem;
  margin-bottom: 2rem;
}

.c3 {
  max-width: 32rem;
}

.c1 {
  display: -webkit-box;
  display: -webkit-flex;
  display: -ms-flexbox;
  display: flex;
  -webkit-flex-direction: column;
  -ms-flex-direction: column;
  flex-direction: column;
  -webkit-align-items: flex-start;
  -webkit-box-align: flex-start;
  -ms-flex-align: flex-start;
  align-items: flex-start;
  margin-bottom: 2rem;
}

<div>
  <h2
    class="c0"
  >
    Motif du licenciement
  </h2>
  <div
    class="c1"
  >
    <label
      class="c2"
      for="input-motif"
    >
      Préciser le motif de licenciement :
    </label>
    <select
      class="c3"
      id="input-motif"
      name="motif"
    >
      <option
        disabled=""
        value=""
      >
        motifs...
      </option>
      <option
        value="disciplinaire"
      >
        Motif disciplinaire
      </option>
      <option
        value="non-disciplinaire"
      >
        Motif non disciplinaire
      </option>
      <option
        value="eco"
      >
        Motif économique
      </option>
    </select>
  </div>
  <div
    class="c1"
  >
    <label
      class="c2"
      for="input-categorie"
    >
      Précisez la categorie professionnelle du salarié :
    </label>
    <select
      class="c3"
      id="input-categorie"
      name="categorie"
    >
      <option
        disabled=""
        value=""
      >
        catégories...
      </option>
      <option
        value="non-cadre"
      >
        Non cadre
      </option>
      <option
        value="cadre"
      >
        Cadre
      </option>
      <option
        value="ne-sais-pas"
      >
        Ne sait pas
      </option>
    </select>
  </div>
</div>
`;
