// Jest Snapshot v1, https://goo.gl/fbAQLP

exports[`<ServiceEnLigne /> should render 1`] = `
.c0 {
  display: -webkit-box;
  display: -webkit-flex;
  display: -ms-flexbox;
  display: flex;
  -webkit-flex-flow: column;
  -ms-flex-flow: column;
  flex-flow: column;
  -webkit-align-items: center;
  -webkit-box-align: center;
  -ms-flex-align: center;
  align-items: center;
  margin-bottom: 1rem;
  padding: 2rem;
  background-color: #ebeff3;
  border-radius: 0.25rem;
}

.c1 {
  -webkit-align-self: flex-start;
  -ms-flex-item-align: start;
  align-self: flex-start;
  margin-bottom: 0.5rem;
  color: #005994;
  font-weight: bold;
  font-size: 1.1rem;
}

.c2:link,
.c2:visited {
  display: inline-block;
  padding: 0.5rem;
  color: #fff;
  -webkit-text-decoration: none;
  text-decoration: none;
  background-color: #005994;
  border-radius: 0.25rem;
}

.c2:hover,
.c2:focus,
.c2:active {
  background-color: #005994;
}

.c3 {
  display: inline-block;
  margin-top: 0.5rem;
  color: #8393a7;
}

<div>
  <div
    class="c0"
  >
    <div
      class="c1"
    >
      Se retrouve dans en entête
    </div>
    <a
      class="c2 no-after"
      href="url à retoruver dans le lien"
      rel="noopener noreferrer"
      target="_blank"
    >
      Texte qui se retrouve dans le lien
    </a>
    <small
      class="c3"
    >
      Source qui se retrouve sous le lien
    </small>
  </div>
</div>
`;
