// Jest Snapshot v1, https://goo.gl/fbAQLP

exports[`<Salaire /> renders 1`] = `
.c0 {
  display: -webkit-inline-box;
  display: -webkit-inline-flex;
  display: -ms-inline-flexbox;
  display: inline-flex;
  -webkit-box-pack: justify;
  -webkit-justify-content: space-between;
  -ms-flex-pack: justify;
  justify-content: space-between;
  width: auto;
  min-height: 48px;
  color: #3e486e;
  background-color: #fff;
  border-color: #7994d4;
  border-style: solid;
  border-width: 2px;
  border-radius: 0.6rem;
  box-shadow: none;
  -webkit-animation: none;
  animation: none;
}

.c2 {
  -webkit-box-flex: 1;
  -webkit-flex-grow: 1;
  -ms-flex-positive: 1;
  flex-grow: 1;
  -webkit-align-self: center;
  -ms-flex-item-align: center;
  align-self: center;
  padding: 1rem 1.6rem;
  text-align: left;
}

.c6 {
  display: -webkit-box;
  display: -webkit-flex;
  display: -ms-flexbox;
  display: flex;
  -webkit-align-items: center;
  -webkit-box-align: center;
  -ms-flex-align: center;
  align-items: center;
  margin-right: 2em;
  padding: 0;
}

.c5 {
  display: -webkit-box;
  display: -webkit-flex;
  display: -ms-flexbox;
  display: flex;
  -webkit-flex-direction: column;
  -ms-flex-direction: column;
  flex-direction: column;
  -webkit-align-items: flex-start;
  -webkit-box-align: flex-start;
  -ms-flex-align: flex-start;
  align-items: flex-start;
  -webkit-box-pack: start;
  -webkit-justify-content: flex-start;
  -ms-flex-pack: start;
  justify-content: flex-start;
  margin-bottom: 2rem;
}

.c3 {
  display: block;
  margin-top: 2rem;
  margin-bottom: 1rem;
  font-size: 1.8rem;
  cursor: default;
}

.c4 {
  display: inline-block;
  margin-left: 1rem;
  color: #eb5757;
}

.c1 {
  margin-top: 2rem;
}

@media (max-width:600px) {
  .c3 {
    font-size: 1.6rem;
  }
}

<div>
  <p>
    Le salaire à renseigner pour cette convention collective inclut:
  </p>
  <ul>
    <li>
      les primes prévues au contrat de travail
    </li>
  </ul>
  <strong>
    mais elle exclut
  </strong>
  :
  <ul>
    <li>
      les heures supplémentaires au delà de l’heure normale de l’entreprise
    </li>
    <li>
      les majorations/indemnités liées à un déplacement ou un détachement
    </li>
  </ul>
  <div
    class="c0 c1"
  >
    <div
      class="c2"
      role="alert"
    >
      Attention, les éventuelles 
      <strong>
        primes
      </strong>
       renseignées précédemment ne seront pas prises en compte dans le calcul de l’indemnité de la convention collective. Si des primes ont été perçues, merci de les intégrer à la rémunération ci-après.
      <br />
      Aussi, si il y en a, les mois effectués en 
      <strong>
        temps partiel
      </strong>
       
      sont à considérer comme ceux effectués en temps plein.
    </div>
  </div>
  <p
    class="c3"
  >
    De ce fait, avez-vous une modification à faire dans la déclaration du salaire ?
    <span
      aria-label="champs obligatoire"
      class="c4"
    >
      *
    </span>
  </p>
  <div
    class="c5"
  >
    <label
      class="c6"
    >
      <input
        name="hasBrancheNewSalaire"
        type="radio"
        value="true"
      />
      <span>
        Oui
      </span>
    </label>
    <label
      class="c6"
    >
      <input
        name="hasBrancheNewSalaire"
        type="radio"
        value="false"
      />
      <span>
        Non
      </span>
    </label>
  </div>
</div>
`;

exports[`<Salaire /> renders a question asking about income's regularity 1`] = `
.c0 {
  display: -webkit-inline-box;
  display: -webkit-inline-flex;
  display: -ms-inline-flexbox;
  display: inline-flex;
  -webkit-box-pack: justify;
  -webkit-justify-content: space-between;
  -ms-flex-pack: justify;
  justify-content: space-between;
  width: auto;
  min-height: 48px;
  color: #3e486e;
  background-color: #fff;
  border-color: #7994d4;
  border-style: solid;
  border-width: 2px;
  border-radius: 0.6rem;
  box-shadow: none;
  -webkit-animation: none;
  animation: none;
}

.c2 {
  -webkit-box-flex: 1;
  -webkit-flex-grow: 1;
  -ms-flex-positive: 1;
  flex-grow: 1;
  -webkit-align-self: center;
  -ms-flex-item-align: center;
  align-self: center;
  padding: 1rem 1.6rem;
  text-align: left;
}

.c6 {
  display: -webkit-box;
  display: -webkit-flex;
  display: -ms-flexbox;
  display: flex;
  -webkit-align-items: center;
  -webkit-box-align: center;
  -ms-flex-align: center;
  align-items: center;
  margin-right: 2em;
  padding: 0;
}

.c5 {
  display: -webkit-box;
  display: -webkit-flex;
  display: -ms-flexbox;
  display: flex;
  -webkit-flex-direction: column;
  -ms-flex-direction: column;
  flex-direction: column;
  -webkit-align-items: flex-start;
  -webkit-box-align: flex-start;
  -ms-flex-align: flex-start;
  align-items: flex-start;
  -webkit-box-pack: start;
  -webkit-justify-content: flex-start;
  -ms-flex-pack: start;
  justify-content: flex-start;
  margin-bottom: 2rem;
}

.c3 {
  display: block;
  margin-top: 2rem;
  margin-bottom: 1rem;
  font-size: 1.8rem;
  cursor: default;
}

.c4 {
  display: inline-block;
  margin-left: 1rem;
  color: #eb5757;
}

.c1 {
  margin-top: 2rem;
}

@media (max-width:600px) {
  .c3 {
    font-size: 1.6rem;
  }
}

<div>
  <p>
    Le salaire à renseigner pour cette convention collective inclut:
  </p>
  <ul>
    <li>
      les primes prévues au contrat de travail
    </li>
  </ul>
  <strong>
    mais elle exclut
  </strong>
  :
  <ul>
    <li>
      les heures supplémentaires au delà de l’heure normale de l’entreprise
    </li>
    <li>
      les majorations/indemnités liées à un déplacement ou un détachement
    </li>
  </ul>
  <div
    class="c0 c1"
  >
    <div
      class="c2"
      role="alert"
    >
      Attention, les éventuelles 
      <strong>
        primes
      </strong>
       renseignées précédemment ne seront pas prises en compte dans le calcul de l’indemnité de la convention collective. Si des primes ont été perçues, merci de les intégrer à la rémunération ci-après.
      <br />
      Aussi, si il y en a, les mois effectués en 
      <strong>
        temps partiel
      </strong>
       
      sont à considérer comme ceux effectués en temps plein.
    </div>
  </div>
  <p
    class="c3"
  >
    De ce fait, avez-vous une modification à faire dans la déclaration du salaire ?
    <span
      aria-label="champs obligatoire"
      class="c4"
    >
      *
    </span>
  </p>
  <div
    class="c5"
  >
    <label
      class="c6"
    >
      <input
        checked=""
        name="hasBrancheNewSalaire"
        type="radio"
        value="true"
      />
      <span>
        Oui
      </span>
    </label>
    <label
      class="c6"
    >
      <input
        name="hasBrancheNewSalaire"
        type="radio"
        value="false"
      />
      <span>
        Non
      </span>
    </label>
  </div>
  <p
    class="c3"
  >
    Le salaire mensuel a-t-il été le même durant les 12 derniers mois ?
    <span
      aria-label="champs obligatoire"
      class="c4"
    >
      *
    </span>
  </p>
  <div
    class="c5"
  >
    <label
      class="c6"
    >
      <input
        name="hasBrancheNewRegularSalaire"
        type="radio"
        value="true"
      />
      <span>
        Oui
      </span>
    </label>
    <label
      class="c6"
    >
      <input
        name="hasBrancheNewRegularSalaire"
        type="radio"
        value="false"
      />
      <span>
        Non
      </span>
    </label>
  </div>
</div>
`;

exports[`<Salaire /> renders a table of fields of type number 1`] = `
.c7 {
  position: relative;
  overflow: hidden;
}

.c7:before,
.c7:after {
  position: absolute;
  top: 0;
  bottom: 0;
  display: block;
  width: 4rem;
  opacity: 0;
  -webkit-transition: opacity 0.3s linear;
  transition: opacity 0.3s linear;
  content: "";
  pointer-events: none;
  background: radial-gradient( ellipse at center, #fff 15%, rgba(255,255,255,0) 80% );
}

.c7:before {
  left: -2rem;
}

.c7:after {
  right: -2rem;
}

.c8 {
  overflow-x: auto;
}

.c9 {
  text-align: left;
  empty-cells: show;
  background-color: #fff;
  border: 1px solid #bbcadf;
  border-collapse: collapse;
  border-spacing: 0;
}

.c9 caption {
  padding: 1rem 0;
  font-style: italic;
  text-align: center;
}

.c9 td,
.c9 th {
  padding: 1rem 1.6rem;
  border: 1px solid #bbcadf;
}

.c9 th {
  color: #2f3b6c;
  font-weight: 600;
  background: #e4e8ef;
}

.c9 thead,
.c9 tfoot {
  padding: 1rem 1.6rem;
  vertical-align: bottom;
  background: #f2f5fa;
}

.c9 tfoot {
  vertical-align: top;
}

.c0 {
  display: -webkit-inline-box;
  display: -webkit-inline-flex;
  display: -ms-inline-flexbox;
  display: inline-flex;
  -webkit-box-pack: justify;
  -webkit-justify-content: space-between;
  -ms-flex-pack: justify;
  justify-content: space-between;
  width: auto;
  min-height: 48px;
  color: #3e486e;
  background-color: #fff;
  border-color: #7994d4;
  border-style: solid;
  border-width: 2px;
  border-radius: 0.6rem;
  box-shadow: none;
  -webkit-animation: none;
  animation: none;
}

.c2 {
  -webkit-box-flex: 1;
  -webkit-flex-grow: 1;
  -ms-flex-positive: 1;
  flex-grow: 1;
  -webkit-align-self: center;
  -ms-flex-item-align: center;
  align-self: center;
  padding: 1rem 1.6rem;
  text-align: left;
}

.c6 {
  display: -webkit-box;
  display: -webkit-flex;
  display: -ms-flexbox;
  display: flex;
  -webkit-align-items: center;
  -webkit-box-align: center;
  -ms-flex-align: center;
  align-items: center;
  margin-right: 2em;
  padding: 0;
}

.c5 {
  display: -webkit-box;
  display: -webkit-flex;
  display: -ms-flexbox;
  display: flex;
  -webkit-flex-direction: column;
  -ms-flex-direction: column;
  flex-direction: column;
  -webkit-align-items: flex-start;
  -webkit-box-align: flex-start;
  -ms-flex-align: flex-start;
  align-items: flex-start;
  -webkit-box-pack: start;
  -webkit-justify-content: flex-start;
  -ms-flex-pack: start;
  justify-content: flex-start;
  margin-bottom: 2rem;
}

.c3 {
  display: block;
  margin-top: 2rem;
  margin-bottom: 1rem;
  font-size: 1.8rem;
  cursor: default;
}

.c4 {
  display: inline-block;
  margin-left: 1rem;
  color: #eb5757;
}

.c1 {
  margin-top: 2rem;
}

.c10 tr > td:nth-child(2) {
  width: 70%;
  text-align: left;
}

.c12 {
  width: 10em;
  text-align: right;
  border-color: #bbcadf;
  padding-right: 1.6rem;
  text-align: right;
}

.c12::-webkit-outer-spin-button,
.c12::-webkit-inner-spin-button {
  margin: 0;
  -webkit-appearance: none;
  -moz-appearance: none;
  appearance: none;
}

.c11 {
  position: relative;
  display: inline-block;
  margin-right: 2rem;
}

.c13 {
  position: absolute;
  top: 50%;
  right: 0.25rem;
  color: #4d73b8;
  -webkit-transform: translateY(-50%);
  -ms-transform: translateY(-50%);
  transform: translateY(-50%);
}

@media (max-width:600px) {
  .c3 {
    font-size: 1.6rem;
  }
}

<div>
  <p>
    Le salaire à renseigner pour cette convention collective inclut:
  </p>
  <ul>
    <li>
      les primes prévues au contrat de travail
    </li>
  </ul>
  <strong>
    mais elle exclut
  </strong>
  :
  <ul>
    <li>
      les heures supplémentaires au delà de l’heure normale de l’entreprise
    </li>
    <li>
      les majorations/indemnités liées à un déplacement ou un détachement
    </li>
  </ul>
  <div
    class="c0 c1"
  >
    <div
      class="c2"
      role="alert"
    >
      Attention, les éventuelles 
      <strong>
        primes
      </strong>
       renseignées précédemment ne seront pas prises en compte dans le calcul de l’indemnité de la convention collective. Si des primes ont été perçues, merci de les intégrer à la rémunération ci-après.
      <br />
      Aussi, si il y en a, les mois effectués en 
      <strong>
        temps partiel
      </strong>
       
      sont à considérer comme ceux effectués en temps plein.
    </div>
  </div>
  <p
    class="c3"
  >
    De ce fait, avez-vous une modification à faire dans la déclaration du salaire ?
    <span
      aria-label="champs obligatoire"
      class="c4"
    >
      *
    </span>
  </p>
  <div
    class="c5"
  >
    <label
      class="c6"
    >
      <input
        checked=""
        name="hasBrancheNewSalaire"
        type="radio"
        value="true"
      />
      <span>
        Oui
      </span>
    </label>
    <label
      class="c6"
    >
      <input
        name="hasBrancheNewSalaire"
        type="radio"
        value="false"
      />
      <span>
        Non
      </span>
    </label>
  </div>
  <p
    class="c3"
  >
    Le salaire mensuel a-t-il été le même durant les 12 derniers mois ?
    <span
      aria-label="champs obligatoire"
      class="c4"
    >
      *
    </span>
  </p>
  <div
    class="c5"
  >
    <label
      class="c6"
    >
      <input
        name="hasBrancheNewRegularSalaire"
        type="radio"
        value="true"
      />
      <span>
        Oui
      </span>
    </label>
    <label
      class="c6"
    >
      <input
        checked=""
        name="hasBrancheNewRegularSalaire"
        type="radio"
        value="false"
      />
      <span>
        Non
      </span>
    </label>
  </div>
  <div
    class="c7"
  >
    <div
      class="c8"
    >
      <table
        class="c9 c10"
      >
        <thead>
          <tr>
            <th>
              Mois
            </th>
            <th>
              Salaire mensuel ajusté (primes et temps partiel inclus)
            </th>
          </tr>
        </thead>
        <tbody>
          <tr>
            <td>
              <label
                for="salaire0"
              >
                juillet 2019
              </label>
            </td>
            <td>
              <div
                class="c11"
              >
                <input
                  class="c12"
                  id="salaire0"
                  name="brancheNewIrregularSalaire[0].salary"
                  type="number"
                  value=""
                />
                <span
                  aria-hidden="true"
                  class="c13"
                >
                  €
                </span>
              </div>
            </td>
          </tr>
          <tr>
            <td>
              <label
                for="salaire1"
              >
                juin 2019
              </label>
            </td>
            <td>
              <div
                class="c11"
              >
                <input
                  class="c12"
                  id="salaire1"
                  name="brancheNewIrregularSalaire[1].salary"
                  type="number"
                  value=""
                />
                <span
                  aria-hidden="true"
                  class="c13"
                >
                  €
                </span>
              </div>
            </td>
          </tr>
        </tbody>
      </table>
    </div>
  </div>
</div>
`;

exports[`<Salaire /> renders an input field of type number 1`] = `
.c0 {
  display: -webkit-inline-box;
  display: -webkit-inline-flex;
  display: -ms-inline-flexbox;
  display: inline-flex;
  -webkit-box-pack: justify;
  -webkit-justify-content: space-between;
  -ms-flex-pack: justify;
  justify-content: space-between;
  width: auto;
  min-height: 48px;
  color: #3e486e;
  background-color: #fff;
  border-color: #7994d4;
  border-style: solid;
  border-width: 2px;
  border-radius: 0.6rem;
  box-shadow: none;
  -webkit-animation: none;
  animation: none;
}

.c2 {
  -webkit-box-flex: 1;
  -webkit-flex-grow: 1;
  -ms-flex-positive: 1;
  flex-grow: 1;
  -webkit-align-self: center;
  -ms-flex-item-align: center;
  align-self: center;
  padding: 1rem 1.6rem;
  text-align: left;
}

.c6 {
  display: -webkit-box;
  display: -webkit-flex;
  display: -ms-flexbox;
  display: flex;
  -webkit-align-items: center;
  -webkit-box-align: center;
  -ms-flex-align: center;
  align-items: center;
  margin-right: 2em;
  padding: 0;
}

.c5 {
  display: -webkit-box;
  display: -webkit-flex;
  display: -ms-flexbox;
  display: flex;
  -webkit-flex-direction: column;
  -ms-flex-direction: column;
  flex-direction: column;
  -webkit-align-items: flex-start;
  -webkit-box-align: flex-start;
  -ms-flex-align: flex-start;
  align-items: flex-start;
  -webkit-box-pack: start;
  -webkit-justify-content: flex-start;
  -ms-flex-pack: start;
  justify-content: flex-start;
  margin-bottom: 2rem;
}

.c3 {
  display: block;
  margin-top: 2rem;
  margin-bottom: 1rem;
  font-size: 1.8rem;
  cursor: default;
}

.c4 {
  display: inline-block;
  margin-left: 1rem;
  color: #eb5757;
}

.c1 {
  margin-top: 2rem;
}

.c8 {
  width: 10em;
  text-align: right;
  border-color: #bbcadf;
  padding-right: 1.6rem;
  text-align: right;
}

.c8::-webkit-outer-spin-button,
.c8::-webkit-inner-spin-button {
  margin: 0;
  -webkit-appearance: none;
  -moz-appearance: none;
  appearance: none;
}

.c7 {
  position: relative;
  display: inline-block;
  margin-right: 2rem;
}

.c9 {
  position: absolute;
  top: 50%;
  right: 0.25rem;
  color: #4d73b8;
  -webkit-transform: translateY(-50%);
  -ms-transform: translateY(-50%);
  transform: translateY(-50%);
}

@media (max-width:600px) {
  .c3 {
    font-size: 1.6rem;
  }
}

<div>
  <p>
    Le salaire à renseigner pour cette convention collective inclut:
  </p>
  <ul>
    <li>
      les primes prévues au contrat de travail
    </li>
  </ul>
  <strong>
    mais elle exclut
  </strong>
  :
  <ul>
    <li>
      les heures supplémentaires au delà de l’heure normale de l’entreprise
    </li>
    <li>
      les majorations/indemnités liées à un déplacement ou un détachement
    </li>
  </ul>
  <div
    class="c0 c1"
  >
    <div
      class="c2"
      role="alert"
    >
      Attention, les éventuelles 
      <strong>
        primes
      </strong>
       renseignées précédemment ne seront pas prises en compte dans le calcul de l’indemnité de la convention collective. Si des primes ont été perçues, merci de les intégrer à la rémunération ci-après.
      <br />
      Aussi, si il y en a, les mois effectués en 
      <strong>
        temps partiel
      </strong>
       
      sont à considérer comme ceux effectués en temps plein.
    </div>
  </div>
  <p
    class="c3"
  >
    De ce fait, avez-vous une modification à faire dans la déclaration du salaire ?
    <span
      aria-label="champs obligatoire"
      class="c4"
    >
      *
    </span>
  </p>
  <div
    class="c5"
  >
    <label
      class="c6"
    >
      <input
        checked=""
        name="hasBrancheNewSalaire"
        type="radio"
        value="true"
      />
      <span>
        Oui
      </span>
    </label>
    <label
      class="c6"
    >
      <input
        name="hasBrancheNewSalaire"
        type="radio"
        value="false"
      />
      <span>
        Non
      </span>
    </label>
  </div>
  <p
    class="c3"
  >
    Le salaire mensuel a-t-il été le même durant les 12 derniers mois ?
    <span
      aria-label="champs obligatoire"
      class="c4"
    >
      *
    </span>
  </p>
  <div
    class="c5"
  >
    <label
      class="c6"
    >
      <input
        checked=""
        name="hasBrancheNewRegularSalaire"
        type="radio"
        value="true"
      />
      <span>
        Oui
      </span>
    </label>
    <label
      class="c6"
    >
      <input
        name="hasBrancheNewRegularSalaire"
        type="radio"
        value="false"
      />
      <span>
        Non
      </span>
    </label>
  </div>
  <p>
    Salaire mensuel ajusté (primes et temps partiel inclus)
  </p>
  <div
    class="c7"
  >
    <input
      class="c8"
      name="brancheNewRegularSalaire"
      type="number"
      value=""
    />
    <span
      aria-hidden="true"
      class="c9"
    >
      €
    </span>
  </div>
</div>
`;
